[20:47:12] [MyAnimeMine] === Dump start ===
[20:47:12] [MyAnimeMine] === Node: Node1 ===
[20:47:12] ClickDetector 'NodeClick' (MaxActivationDistance=34)
[20:47:12] MeshPart 'Piece'
[20:47:12] MeshPart 'Piece'
[20:47:12] Part 'FocusRing'
[20:47:12]   SurfaceGui 'Surface'
[20:47:12]     Frame 'Ring'
[20:47:12]       Frame 'Seg1'
[20:47:12]       Frame 'Seg2'
[20:47:12]       Frame 'Seg3'
[20:47:12]       Frame 'Seg4'
[20:47:12]       Frame 'Seg5'
[20:47:12]       Frame 'Seg6'
[20:47:12]       Frame 'Seg7'
[20:47:12]       Frame 'Seg8'
[20:47:12]       Frame 'Seg9'
[20:47:12]       Frame 'Seg10'
[20:47:12]       Frame 'Seg11'
[20:47:12]       Frame 'Seg12'
[20:47:12]       Frame 'Seg13'
[20:47:12]       Frame 'Seg14'
[20:47:12]       Frame 'Seg15'
[20:47:12]       Frame 'Seg16'
[20:47:12] Part 'Piece'
[20:47:12] MeshPart 'Rock'
[20:47:12]   BillboardGui 'HealthBar'
[20:47:12]     Frame 'BG'
[20:47:12]       Frame 'Fill'
[20:47:12]       TextLabel 'HPLabel'
[20:47:12]         UIStroke 'framestroke'
[20:47:12]       UIStroke 'framestroke'
[20:47:12]     TextLabel 'NodeName'
[20:47:12]       UIStroke 'framestroke'
[20:47:12] Part 'Piece'
[20:47:12] MeshPart 'Piece'
[20:47:12] Part 'Piece'
[20:47:12] Part 'Piece'
[20:47:12] Part 'Piece'
[20:47:12] [MyAnimeMine] === Holder: M1 ===
[20:47:12] Part 'UpgradePart'
[20:47:12]   ClickDetector 'UpgradeClick' (MaxActivationDistance=0)
[20:47:12]   SurfaceGui 'UpgradeUI'
[20:47:12]     Frame 'Content'
[20:47:12]       TextLabel 'Cost'
[20:47:12]         UIStroke 'framestroke'
[20:47:12]       UIStroke 'framestroke'
[20:47:12]       Frame 'DecorLayer'
[20:47:12]         ImageLabel 'DecorBG'
[20:47:12]           UIAspectRatioConstraint 'UIAspectRatioConstraint'
[20:47:12]       ImageLabel 'ImageLabel'
[20:47:12]       UIGradient 'UIGradient'
[20:47:12] Part 'Pad'
[20:47:12]   Texture 'savedis'
[20:47:12]   BillboardGui 'HolderLabel'
[20:47:12]     Frame 'BG'
[20:47:12]       TextLabel 'CharName'
[20:47:12]         UIGradient 'PriceGradient'
[20:47:12]         UIStroke 'framestroke'
[20:47:12]       TextLabel 'Rarity'
[20:47:12]         UIStroke 'framestroke'
[20:47:12]       TextLabel 'Stat'
[20:47:12]         UIStroke 'framestroke'
[20:47:12]       Frame 'Damage'
[20:47:12]         TextLabel 'Value'
[20:47:12]           UIStroke 'framestroke'
[20:47:12]         UIListLayout 'UIListLayout'
[20:47:12]         ImageLabel 'Icon'
[20:47:12]           UIAspectRatioConstraint 'UIAspectRatioConstraint'
[20:47:12]       TextLabel 'Level'
[20:47:12]         UIStroke 'framestroke'
[20:47:12]       TextLabel 'VariantDot'
[20:47:12]         UIStroke 'framestroke'
[20:47:12]       TextLabel 'Variant'
[20:47:12]         UIStroke 'framestroke'
[20:47:12]   ProximityPrompt 'HolderPrompt' (ActionText=Hold a miner to place ObjectText=Empty miner slot HoldDuration=0)
[20:47:12] Part 'Trim'
